node.exe : 
C:\Users\Windows 10\Dow
nloads\finallyfound\src
\services\ai.ts:5
At C:\Users\Windows 10\
AppData\Roaming\npm\npx
.ps1:24 char:5
+     & "node$exe"  "$b
asedir/node_modules/npm
/bin/npx-cli.js" $args
+     ~~~~~~~~~~~~~~~~~
~~~~~~~~~~~~~~~~~~~~~~~
~~~~~~~~~~~~~~~~~~~~~~
    + CategoryInfo     
         : NotSpecifi  
  ed: (C:\Users\Wind   
 ow...ervices\ai.ts    
:5:String) [], Rem    
oteException
    + FullyQualifiedEr 
   rorId : NativeComm  
  andError
 
const ai = new 
GoogleGenAI({ apiKey: i
mport.meta.env.VITE_GEM
INI_API_KEY || (import.
meta.env.GEMINI_API_KEY
 as string) });
                       
                       
       ^

TypeError: Cannot read 
properties of 
undefined (reading 
'VITE_GEMINI_API_KEY')
    at <anonymous> 
(C:\Users\Windows 10\Do
wnloads\finallyfound\sr
c\services\ai.ts:5:54)
    at ModuleJob.run (n
ode:internal/modules/es
m/module_job:343:25)
    at async onImport.t
racePromise.__proto__ (
node:internal/modules/e
sm/loader:665:26)
    at async asyncRunEn
tryPointWithESMLoader (
node:internal/modules/r
un_main:117:5)

Node.js v22.21.0
npm notice
npm notice New minor 
version of npm 
available! 11.0.0 -> 
11.11.0
npm notice Changelog: h
ttps://github.com/npm/c
li/releases/tag/v11.11.
0
npm notice To update 
run: npm install -g 
npm@11.11.0
npm notice
